{
    "groups": {
        "Group Name": [
            {
                "display_name": "SMALL",
                "displayed": false,
                "include": true,
                "model_url": "small_density@@.gz",
                "type": "3DVolume",
                "volumeData": {
                    "dataDims": [
                        10,
                        17,
                        10
                    ],
                    "dataType": "FLOAT_32",
                    "origin": [
                        696000.0,
                        6863000.0,
                        -40000.0
                    ],
                    "size": [
                        4050.0001001700293,
                        7529.4117328943685,
                        4050.00010017
                    ]
                }
            },
            {
                "display_name": "SMALL",
                "displayed": false,
                "include": true,
                "model_url": "small_lithology@@.gz",
                "type": "3DVolume",
                "volumeData": {
                    "colourLookup": {
                        "1": [
                            0.870588,
                            0.898039,
                            0.92549,
                            1.0
                        ],
                        "2": [
                            0.67451,
                            0.701961,
                            0.305882,
                            1.0
                        ],
                        "3": [
                            0.929412,
                            0.6,
                            0.568627,
                            1.0
                        ],
                        "4": [
                            0.945098,
                            0.298039,
                            0.321569,
                            1.0
                        ],
                        "5": [
                            0.901961,
                            0.721569,
                            0.686275,
                            1.0
                        ],
                        "6": [
                            0.764706,
                            0.862745,
                            0.788235,
                            1.0
                        ],
                        "7": [
                            0.764706,
                            0.862745,
                            0.788235,
                            1.0
                        ],
                        "8": [
                            0.764706,
                            0.862745,
                            0.788235,
                            1.0
                        ],
                        "9": [
                            0.764706,
                            0.862745,
                            0.788235,
                            1.0
                        ],
                        "10": [
                            0.0,
                            0.392157,
                            0.0,
                            1.0
                        ],
                        "11": [
                            0.788235,
                            0.756863,
                            0.87451,
                            1.0
                        ],
                        "12": [
                            0.231373,
                            0.701961,
                            0.435294,
                            1.0
                        ],
                        "13": [
                            0.164706,
                            0.533333,
                            0.780392,
                            1.0
                        ],
                        "14": [
                            0.254902,
                            0.533333,
                            0.243137,
                            1.0
                        ],
                        "15": [
                            0.584314,
                            0.384314,
                            0.737255,
                            1.0
                        ],
                        "16": [
                            0.839216,
                            0.803922,
                            0.768627,
                            1.0
                        ],
                        "17": [
                            0.976471,
                            0.701961,
                            0.607843,
                            1.0
                        ],
                        "18": [
                            0.921569,
                            0.47451,
                            0.458824,
                            1.0
                        ],
                        "19": [
                            0.94902,
                            0.819608,
                            0.788235,
                            1.0
                        ],
                        "20": [
                            0.0,
                            0.521569,
                            0.54902,
                            1.0
                        ],
                        "21": [
                            1.0,
                            1.0,
                            1.0,
                            1.0
                        ]
                    },
                    "dataDims": [
                        10,
                        17,
                        10
                    ],
                    "dataType": "INT_16",
                    "labelLookup": {
                        "1": "20_Mantle",
                        "2": "19_Lower_crust",
                        "3": "18_Yarraquin_Seismic_Province",
                        "4": "17_Murchison_granite",
                        "5": "16_Southern_Cross_granite",
                        "6": "13_Barrambie_Igneous_Complex",
                        "7": "11_Unaly_Hill_greenstone",
                        "8": "14_North_Cook_Well_greenstone",
                        "9": "12_Gum_Creek_greenstone",
                        "10": "10_Basal_mafic",
                        "11": "09_Tremolite_schist",
                        "12": "08_Massive_mafic",
                        "13": "07_Banded_iron_formation",
                        "14": "06_Mafic_with_BIF",
                        "15": "05_Ultramafic",
                        "16": "04_Metasedimentary",
                        "17": "15_Foliated_granite",
                        "18": "03_D2_granite",
                        "19": "02_Bald_Rock_Suoersuite",
                        "20": "01_Proterozoic_dyke",
                        "21": "Air"
                    },
                    "origin": [
                        696000.0,
                        6863000.0,
                        -40000.0
                    ],
                    "size": [
                        4050.0001001700293,
                        7529.4117328943685,
                        4050.00010017
                    ]
                }
            },
            {
                "display_name": "SMALL",
                "displayed": false,
                "include": true,
                "model_url": "small_susceptibility@@.gz",
                "type": "3DVolume",
                "volumeData": {
                    "dataDims": [
                        10,
                        17,
                        10
                    ],
                    "dataType": "FLOAT_32",
                    "origin": [
                        696000.0,
                        6863000.0,
                        -40000.0
                    ],
                    "size": [
                        4050.0001001700293,
                        7529.4117328943685,
                        4050.00010017
                    ]
                }
            }
        ]
    },
    "properties": {
        "crs": "EPSG:3857",
        "extent": [
            696000.0,
            700050.00010017,
            6863000.0,
            6870529.411732894
        ],
        "init_cam_dist": 500000.0,
        "name": "Small"
    },
    "type": "GeologicalModel",
    "version": 1.0
}